<html>
<body>
<pre>
<h1>µVision Build Log</h1>
<h2>Tool Versions:</h2>
IDE-Version: ¦ÌVision V5.25.3.0
Copyright (C) 2018 ARM Ltd and ARM Germany GmbH. All rights reserved.
License Information: LX Administrator, LX, LIC=----
 
Tool Versions:
Toolchain:       MDK-Lite  Version: 5.18
Toolchain Path:  D:\Code\3 Keil 5\ARM\ARMCC\Bin
C Compiler:      Armcc.exe V5.06 update 1 (build 61)
Assembler:       Armasm.exe V5.06 update 1 (build 61)
Linker/Locator:  ArmLink.exe V5.06 update 1 (build 61)
Library Manager: ArmAr.exe V5.06 update 1 (build 61)
Hex Converter:   FromElf.exe V5.06 update 1 (build 61)
CPU DLL:         SARMCM3.DLL V5.18
Dialog DLL:      DARMSTM.DLL V1.65.0.0
Target DLL:      UL2CM3.DLL V1.157.5.0
Dialog DLL:      TARMSTM.DLL V1.64.0.0
 
<h2>Project:</h2>
E:\bcode\MCU_ATM_lx\USER\test.uvproj
Project File Date:  11/19/2019

<h2>Output:</h2>
*** Using Compiler 'V5.06 update 1 (build 61)', folder: 'D:\Code\3 Keil 5\ARM\ARMCC\Bin'
Rebuild target 'Target 1'
compiling misc.c...
compiling stm32f10x_it.c...
compiling main.c...
main.c(365): warning:  #223-D: function "fs" declared implicitly
  			fs(fk,hour,minute,time,ye,jg);
main.c: 1 warning, 0 errors
compiling stm32f10x_bkp.c...
compiling stm32f10x_adc.c...
compiling stm32f10x_can.c...
compiling stm32f10x_cec.c...
compiling stm32f10x_crc.c...
compiling stm32f10x_dac.c...
compiling stm32f10x_dbgmcu.c...
compiling stm32f10x_dma.c...
compiling stm32f10x_exti.c...
compiling stm32f10x_flash.c...
compiling stm32f10x_fsmc.c...
compiling stm32f10x_gpio.c...
compiling stm32f10x_i2c.c...
compiling stm32f10x_iwdg.c...
compiling stm32f10x_pwr.c...
compiling stm32f10x_rtc.c...
compiling stm32f10x_rcc.c...
compiling stm32f10x_sdio.c...
compiling stm32f10x_spi.c...
compiling stm32f10x_tim.c...
compiling stm32f10x_usart.c...
compiling stm32f10x_wwdg.c...
compiling core_cm3.c...
assembling startup_stm32f10x_hd.s...
compiling system_stm32f10x.c...
compiling led.c...
compiling delay.c...
compiling key.c...
compiling timer.c...
compiling beep.c...
compiling usart.c...
compiling adc.c...
compiling 24cxx.c...
compiling myiic.c...
compiling lcd.c...
compiling flash.c...
compiling spi.c...
compiling RC522.C...
compiling 24l01.c...
24l01.c(155): warning:  #223-D: function "printf" declared implicitly
  	printf("\n\rName:ZhangSan  \r");
linking...
Program Size: Code=23200 RO-data=3028 RW-data=56 ZI-data=1040  
FromELF: creating hex file...
"..\OBJ\test.axf" - 0 Error(s), 2 Warning(s).
Build Time Elapsed:  00:00:12
</pre>
</body>
</html>
